// Jest Snapshot v1, https://goo.gl/fbAQLP

exports[`Should render the expense dashboard pagae 1`] = `
<div>
  <Connect(ExpenseListFilters) />
  <Connect(ExpenseList) />
</div>
`;
