// Jest Snapshot v1, https://goo.gl/fbAQLP

exports[`Should render Header correctly 1`] = `
<header>
  <h1>
    Expensify
  </h1>
  <NavLink
    activeClassName="isActive"
    exact={true}
    to="/"
  >
    Home
  </NavLink>
  <NavLink
    activeClassName="isActive"
    to="/create"
  >
    Create expense
  </NavLink>
  <NavLink
    to="/help"
  >
    Help
  </NavLink>
  <button
    onClick={[Function]}
  >
    Logout
  </button>
</header>
`;
